{
  "version": "1.5.0",
  "plugins_used": [
    {
      "name": "ArtifactoryDetector"
    },
    {
      "name": "AWSKeyDetector"
    },
    {
      "name": "AzureStorageKeyDetector"
    },
    {
      "name": "Base64HighEntropyString",
      "limit": 4.5
    },
    {
      "name": "BasicAuthDetector"
    },
    {
      "name": "CloudantDetector"
    },
    {
      "name": "DiscordBotTokenDetector"
    },
    {
      "name": "GitHubTokenDetector"
    },
    {
      "name": "GitLabTokenDetector"
    },
    {
      "name": "HexHighEntropyString",
      "limit": 3.0
    },
    {
      "name": "IbmCloudIamDetector"
    },
    {
      "name": "IbmCosHmacDetector"
    },
    {
      "name": "IPPublicDetector"
    },
    {
      "name": "JwtTokenDetector"
    },
    {
      "name": "KeywordDetector",
      "keyword_exclude": ""
    },
    {
      "name": "MailchimpDetector"
    },
    {
      "name": "NpmDetector"
    },
    {
      "name": "OpenAIDetector"
    },
    {
      "name": "PrivateKeyDetector"
    },
    {
      "name": "PypiTokenDetector"
    },
    {
      "name": "SendGridDetector"
    },
    {
      "name": "SlackDetector"
    },
    {
      "name": "SoftlayerDetector"
    },
    {
      "name": "SquareOAuthDetector"
    },
    {
      "name": "StripeDetector"
    },
    {
      "name": "TelegramBotTokenDetector"
    },
    {
      "name": "TwilioKeyDetector"
    }
  ],
  "filters_used": [
    {
      "path": "detect_secrets.filters.allowlist.is_line_allowlisted"
    },
    {
      "path": "detect_secrets.filters.common.is_baseline_file",
      "filename": ".secrets.baseline"
    },
    {
      "path": "detect_secrets.filters.common.is_ignored_due_to_verification_policies",
      "min_level": 2
    },
    {
      "path": "detect_secrets.filters.heuristic.is_indirect_reference"
    },
    {
      "path": "detect_secrets.filters.heuristic.is_likely_id_string"
    },
    {
      "path": "detect_secrets.filters.heuristic.is_lock_file"
    },
    {
      "path": "detect_secrets.filters.heuristic.is_not_alphanumeric_string"
    },
    {
      "path": "detect_secrets.filters.heuristic.is_potential_uuid"
    },
    {
      "path": "detect_secrets.filters.heuristic.is_prefixed_with_dollar_sign"
    },
    {
      "path": "detect_secrets.filters.heuristic.is_sequential_string"
    },
    {
      "path": "detect_secrets.filters.heuristic.is_swagger_file"
    },
    {
      "path": "detect_secrets.filters.heuristic.is_templated_secret"
    },
    {
      "path": "detect_secrets.filters.regex.should_exclude_file",
      "pattern": [
        ".secrets.*",
        ".git*"
      ]
    }
  ],
  "results": {
    "dependencies/alice_bob_felis_client/tests/api.rs": [
      {
        "type": "Base64 High Entropy String",
        "filename": "dependencies/alice_bob_felis_client/tests/api.rs",
        "hashed_secret": "508772f1d9a379283d0984d21280ccfbec215f8b",
        "is_verified": false,
        "line_number": 4,
        "is_secret": true
      }
    ],
    "dependencies/quantum_system_client/README.md": [
      {
        "type": "Secret Keyword",
        "filename": "dependencies/quantum_system_client/README.md",
        "hashed_secret": "99d2c91e4b0918109da4e4f226abdc3390f7b606",
        "is_verified": false,
        "line_number": 114,
        "is_secret": false
      }
    ],
    "dependencies/quantum_system_client/app/backend/src/main.rs": [
      {
        "type": "Secret Keyword",
        "filename": "dependencies/quantum_system_client/app/backend/src/main.rs",
        "hashed_secret": "0068d90bd2888c9985beebedae95ebc166833b25",
        "is_verified": false,
        "line_number": 32,
        "is_secret": false
      },
      {
        "type": "Secret Keyword",
        "filename": "dependencies/quantum_system_client/app/backend/src/main.rs",
        "hashed_secret": "f15426859be5cc9f08f2a41804deed42176398cd",
        "is_verified": false,
        "line_number": 38,
        "is_secret": false
      }
    ],
    "dependencies/quantum_system_client/app/cancel_job/src/main.rs": [
      {
        "type": "Secret Keyword",
        "filename": "dependencies/quantum_system_client/app/cancel_job/src/main.rs",
        "hashed_secret": "0068d90bd2888c9985beebedae95ebc166833b25",
        "is_verified": false,
        "line_number": 47,
        "is_secret": false
      },
      {
        "type": "Secret Keyword",
        "filename": "dependencies/quantum_system_client/app/cancel_job/src/main.rs",
        "hashed_secret": "f15426859be5cc9f08f2a41804deed42176398cd",
        "is_verified": false,
        "line_number": 53,
        "is_secret": false
      }
    ],
    "dependencies/quantum_system_client/app/delete_job/src/main.rs": [
      {
        "type": "Secret Keyword",
        "filename": "dependencies/quantum_system_client/app/delete_job/src/main.rs",
        "hashed_secret": "0068d90bd2888c9985beebedae95ebc166833b25",
        "is_verified": false,
        "line_number": 43,
        "is_secret": false
      },
      {
        "type": "Secret Keyword",
        "filename": "dependencies/quantum_system_client/app/delete_job/src/main.rs",
        "hashed_secret": "f15426859be5cc9f08f2a41804deed42176398cd",
        "is_verified": false,
        "line_number": 49,
        "is_secret": false
      }
    ],
    "dependencies/quantum_system_client/app/job_details/src/main.rs": [
      {
        "type": "Secret Keyword",
        "filename": "dependencies/quantum_system_client/app/job_details/src/main.rs",
        "hashed_secret": "0068d90bd2888c9985beebedae95ebc166833b25",
        "is_verified": false,
        "line_number": 44,
        "is_secret": false
      },
      {
        "type": "Secret Keyword",
        "filename": "dependencies/quantum_system_client/app/job_details/src/main.rs",
        "hashed_secret": "f15426859be5cc9f08f2a41804deed42176398cd",
        "is_verified": false,
        "line_number": 50,
        "is_secret": false
      }
    ],
    "dependencies/quantum_system_client/app/list_jobs/src/main.rs": [
      {
        "type": "Secret Keyword",
        "filename": "dependencies/quantum_system_client/app/list_jobs/src/main.rs",
        "hashed_secret": "0068d90bd2888c9985beebedae95ebc166833b25",
        "is_verified": false,
        "line_number": 31,
        "is_secret": false
      },
      {
        "type": "Secret Keyword",
        "filename": "dependencies/quantum_system_client/app/list_jobs/src/main.rs",
        "hashed_secret": "f15426859be5cc9f08f2a41804deed42176398cd",
        "is_verified": false,
        "line_number": 37,
        "is_secret": false
      }
    ],
    "dependencies/quantum_system_client/app/run_job/src/main.rs": [
      {
        "type": "Secret Keyword",
        "filename": "dependencies/quantum_system_client/app/run_job/src/main.rs",
        "hashed_secret": "0068d90bd2888c9985beebedae95ebc166833b25",
        "is_verified": false,
        "line_number": 71,
        "is_secret": false
      },
      {
        "type": "Secret Keyword",
        "filename": "dependencies/quantum_system_client/app/run_job/src/main.rs",
        "hashed_secret": "f15426859be5cc9f08f2a41804deed42176398cd",
        "is_verified": false,
        "line_number": 77,
        "is_secret": false
      }
    ],
    "dependencies/quantum_system_client/app/run_primitive/src/main.rs": [
      {
        "type": "Secret Keyword",
        "filename": "dependencies/quantum_system_client/app/run_primitive/src/main.rs",
        "hashed_secret": "0068d90bd2888c9985beebedae95ebc166833b25",
        "is_verified": false,
        "line_number": 59,
        "is_secret": false
      },
      {
        "type": "Secret Keyword",
        "filename": "dependencies/quantum_system_client/app/run_primitive/src/main.rs",
        "hashed_secret": "f15426859be5cc9f08f2a41804deed42176398cd",
        "is_verified": false,
        "line_number": 65,
        "is_secret": false
      }
    ],
    "dependencies/quantum_system_client/src/api/backend_config.rs": [
      {
        "type": "Secret Keyword",
        "filename": "dependencies/quantum_system_client/src/api/backend_config.rs",
        "hashed_secret": "99d2c91e4b0918109da4e4f226abdc3390f7b606",
        "is_verified": false,
        "line_number": 29,
        "is_secret": false
      }
    ],
    "dependencies/quantum_system_client/src/api/backend_details.rs": [
      {
        "type": "Secret Keyword",
        "filename": "dependencies/quantum_system_client/src/api/backend_details.rs",
        "hashed_secret": "99d2c91e4b0918109da4e4f226abdc3390f7b606",
        "is_verified": false,
        "line_number": 28,
        "is_secret": false
      }
    ],
    "dependencies/quantum_system_client/src/api/backend_lanes_config.rs": [
      {
        "type": "Secret Keyword",
        "filename": "dependencies/quantum_system_client/src/api/backend_lanes_config.rs",
        "hashed_secret": "99d2c91e4b0918109da4e4f226abdc3390f7b606",
        "is_verified": false,
        "line_number": 28,
        "is_secret": false
      }
    ],
    "dependencies/quantum_system_client/src/api/backend_props.rs": [
      {
        "type": "Secret Keyword",
        "filename": "dependencies/quantum_system_client/src/api/backend_props.rs",
        "hashed_secret": "99d2c91e4b0918109da4e4f226abdc3390f7b606",
        "is_verified": false,
        "line_number": 28,
        "is_secret": false
      }
    ],
    "dependencies/quantum_system_client/src/api/backend_pulse_defaults.rs": [
      {
        "type": "Secret Keyword",
        "filename": "dependencies/quantum_system_client/src/api/backend_pulse_defaults.rs",
        "hashed_secret": "99d2c91e4b0918109da4e4f226abdc3390f7b606",
        "is_verified": false,
        "line_number": 29,
        "is_secret": false
      }
    ],
    "dependencies/quantum_system_client/src/api/cancel_job.rs": [
      {
        "type": "Secret Keyword",
        "filename": "dependencies/quantum_system_client/src/api/cancel_job.rs",
        "hashed_secret": "99d2c91e4b0918109da4e4f226abdc3390f7b606",
        "is_verified": false,
        "line_number": 31,
        "is_secret": false
      }
    ],
    "dependencies/quantum_system_client/src/api/delete_job.rs": [
      {
        "type": "Secret Keyword",
        "filename": "dependencies/quantum_system_client/src/api/delete_job.rs",
        "hashed_secret": "99d2c91e4b0918109da4e4f226abdc3390f7b606",
        "is_verified": false,
        "line_number": 30,
        "is_secret": false
      }
    ],
    "dependencies/quantum_system_client/src/api/job_details.rs": [
      {
        "type": "Secret Keyword",
        "filename": "dependencies/quantum_system_client/src/api/job_details.rs",
        "hashed_secret": "99d2c91e4b0918109da4e4f226abdc3390f7b606",
        "is_verified": false,
        "line_number": 28,
        "is_secret": false
      }
    ],
    "dependencies/quantum_system_client/src/api/job_status.rs": [
      {
        "type": "Secret Keyword",
        "filename": "dependencies/quantum_system_client/src/api/job_status.rs",
        "hashed_secret": "99d2c91e4b0918109da4e4f226abdc3390f7b606",
        "is_verified": false,
        "line_number": 28,
        "is_secret": false
      }
    ],
    "dependencies/quantum_system_client/src/api/job_wait_for_final_state.rs": [
      {
        "type": "Secret Keyword",
        "filename": "dependencies/quantum_system_client/src/api/job_wait_for_final_state.rs",
        "hashed_secret": "99d2c91e4b0918109da4e4f226abdc3390f7b606",
        "is_verified": false,
        "line_number": 32,
        "is_secret": false
      }
    ],
    "dependencies/quantum_system_client/src/api/list_backends.rs": [
      {
        "type": "Secret Keyword",
        "filename": "dependencies/quantum_system_client/src/api/list_backends.rs",
        "hashed_secret": "99d2c91e4b0918109da4e4f226abdc3390f7b606",
        "is_verified": false,
        "line_number": 28,
        "is_secret": false
      }
    ],
    "dependencies/quantum_system_client/src/api/list_jobs.rs": [
      {
        "type": "Secret Keyword",
        "filename": "dependencies/quantum_system_client/src/api/list_jobs.rs",
        "hashed_secret": "99d2c91e4b0918109da4e4f226abdc3390f7b606",
        "is_verified": false,
        "line_number": 28,
        "is_secret": false
      }
    ],
    "dependencies/quantum_system_client/src/api/run_job.rs": [
      {
        "type": "Secret Keyword",
        "filename": "dependencies/quantum_system_client/src/api/run_job.rs",
        "hashed_secret": "99d2c91e4b0918109da4e4f226abdc3390f7b606",
        "is_verified": false,
        "line_number": 51,
        "is_secret": false
      }
    ],
    "dependencies/quantum_system_client/src/api/run_primitive.rs": [
      {
        "type": "Secret Keyword",
        "filename": "dependencies/quantum_system_client/src/api/run_primitive.rs",
        "hashed_secret": "99d2c91e4b0918109da4e4f226abdc3390f7b606",
        "is_verified": false,
        "line_number": 51,
        "is_secret": false
      }
    ],
    "dependencies/quantum_system_client/src/client.rs": [
      {
        "type": "Secret Keyword",
        "filename": "dependencies/quantum_system_client/src/client.rs",
        "hashed_secret": "99d2c91e4b0918109da4e4f226abdc3390f7b606",
        "is_verified": false,
        "line_number": 269,
        "is_secret": false
      }
    ],
    "dependencies/quantum_system_client/src/models/backend_configuration.rs": [
      {
        "type": "Secret Keyword",
        "filename": "dependencies/quantum_system_client/src/models/backend_configuration.rs",
        "hashed_secret": "99d2c91e4b0918109da4e4f226abdc3390f7b606",
        "is_verified": false,
        "line_number": 112,
        "is_secret": false
      }
    ],
    "dependencies/quantum_system_client/src/models/backend_properties.rs": [
      {
        "type": "Secret Keyword",
        "filename": "dependencies/quantum_system_client/src/models/backend_properties.rs",
        "hashed_secret": "99d2c91e4b0918109da4e4f226abdc3390f7b606",
        "is_verified": false,
        "line_number": 52,
        "is_secret": false
      }
    ],
    "dependencies/quantum_system_client/tests/versions.rs": [
      {
        "type": "Secret Keyword",
        "filename": "dependencies/quantum_system_client/tests/versions.rs",
        "hashed_secret": "0068d90bd2888c9985beebedae95ebc166833b25",
        "is_verified": false,
        "line_number": 61,
        "is_secret": false
      }
    ],
    "src/ibm/qiskit_runtime_service_provider/mod.rs": [
      {
        "type": "Secret Keyword",
        "filename": "src/ibm/qiskit_runtime_service_provider/mod.rs",
        "hashed_secret": "4080eeeaf54faf879b9e8d99c49a8503f7e855bb",
        "is_verified": false,
        "line_number": 47,
        "is_secret": false
      }
    ],
    "src/ibm/quantum_compute_service_provider/mod.rs": [
      {
        "type": "Secret Keyword",
        "filename": "src/ibm/quantum_compute_service_provider/mod.rs",
        "hashed_secret": "4080eeeaf54faf879b9e8d99c49a8503f7e855bb",
        "is_verified": false,
        "line_number": 47,
        "is_secret": false
      }
    ],
    "src/ibm/quantum_system_provider/mod.rs": [
      {
        "type": "Secret Keyword",
        "filename": "src/ibm/quantum_system_provider/mod.rs",
        "hashed_secret": "4080eeeaf54faf879b9e8d99c49a8503f7e855bb",
        "is_verified": false,
        "line_number": 46,
        "is_secret": false
      }
    ],
    "src/ibm/tests/qiskit_runtime_service.rs": [
      {
        "type": "Secret Keyword",
        "filename": "src/ibm/tests/qiskit_runtime_service.rs",
        "hashed_secret": "829c3804401b0727f70f73d4415e162400cbe57b",
        "is_verified": false,
        "line_number": 34,
        "is_secret": false
      }
    ],
    "src/ibm/tests/quantum_compute_service.rs": [
      {
        "type": "Secret Keyword",
        "filename": "src/ibm/tests/quantum_compute_service.rs",
        "hashed_secret": "829c3804401b0727f70f73d4415e162400cbe57b",
        "is_verified": false,
        "line_number": 35,
        "is_secret": false
      }
    ]
  },
  "generated_at": "2026-08-28T09:47:05Z"
}
